
> apply-flow@0.1.0 build
> next build

⚠ Warning: Next.js inferred your workspace root, but it may not be correct.
 We detected multiple lockfiles and selected the directory of C:\Users\ebrne\package-lock.json as the root directory.
 To silence this warning, set `turbopack.root` in your Next.js config, or consider removing one of the lockfiles if it's not needed.
   See https://nextjs.org/docs/app/api-reference/config/next-config-js/turbopack#root-directory for more information.
 Detected additional lockfiles: 
   * C:\Users\ebrne\AutoMailer\package-lock.json

▲ Next.js 16.1.1 (Turbopack)
- Environments: .env

⚠ The "middleware" file convention is deprecated. Please use "proxy" instead. Learn more: https://nextjs.org/docs/messages/middleware-to-proxy
  Creating an optimized production build ...
✓ Compiled successfully in 11.3s
  Running TypeScript ...
Failed to compile.

./app/api/register/route.ts:44:55
Type error: Property 'errors' does not exist on type 'ZodError<unknown>'.

[0m [90m 42 |[39m     } [36mcatch[39m (error) {
 [90m 43 |[39m         [36mif[39m (error [36minstanceof[39m z[33m.[39m[33mZodError[39m) {
[31m[1m>[22m[39m[90m 44 |[39m             [36mreturn[39m [33mNextResponse[39m[33m.[39mjson({ message[33m:[39m error[33m.[39merrors[[35m0[39m][33m.[39mmessage }[33m,[39m { status[33m:[39m [35m400[39m })[33m;[39m
 [90m    |[39m                                                       [31m[1m^[22m[39m
 [90m 45 |[39m         }
 [90m 46 |[39m         console[33m.[39merror([32m"Registration Error:"[39m[33m,[39m error)[33m;[39m
 [90m 47 |[39m         [36mreturn[39m [33mNextResponse[39m[33m.[39mjson([0m
Next.js build worker exited with code: 1 and signal: null
